=== MCP Tool Debug Output ===
Tool Name: get_impact_chains
Server Name: neo4j-graphrag
Response Parts: [
  {
    "functionResponse": {
      "name": "get_impact_chains",
      "response": {
        "content": [
          {
            "type": "text",
            "text": "## 🔍 MCP工具分析结果总结\n\n请基于以下代码变更影响分析数据，严格按照系统文档格式生成结构化分析报告。\n\n### 📊 分析概览\n- **分析类型**: 代码变更影响分析\n- **分析范围**: 基于Neo4j图数据库的代码依赖关系分析\n- **分析时间**: 实时分析\n\n### 🎯 关键发现\n请从以下数据中提取关键发现：\n- 影响链路数量: 0\n- 高严重性: 0\n- 中严重性: 0\n- 低严重性: 0\n- 总链路数: 0\n\n### 📋 分析要求\n1. 识别关键的影响链路\n2. 评估变更的潜在风险\n3. 提供具体的建议和措施\n4. 总结分析结论\n\n请基于以上数据生成详细的分析报告。\n"
          }
        ],
        "isError": false
      }
    }
  }
]

Result Display: ## 🔍 MCP工具分析结果总结

请基于以下代码变更影响分析数据，严格按照系统文档格式生成结构化分析报告。

### 📊 分析概览
- **分析类型**: 代码变更影响分析
- **分析范围**: 基于Neo4j图数据库的代码依赖关系分析
- **分析时间**: 实时分析

### 🎯 关键发现
请从以下数据中提取关键发现：
- 影响链路数量: 0
- 高严重性: 0
- 中严重性: 0
- 低严重性: 0
- 总链路数: 0

### 📋 分析要求
1. 识别关键的影响链路
2. 评估变更的潜在风险
3. 提供具体的建议和措施
4. 总结分析结论

请基于以上数据生成详细的分析报告。

=== End Debug Output ===

LLM Analysis: 好的，作为一名专业的代码审查专家，我将对您提供的Neo4j查询结果进行深入分析，并生成一份详细的代码审查报告。

---

## 🔍 代码变更影响分析报告

### 📊 分析概览
- **分析类型**: get_impact_chains (neo4j-graphrag MCP服务器)
- **分析时间**: 2025/07/14 17:59:02
- **分析目标**: 对工作区git的变更代码进行深入分析，综合整个项目代码的实现逻辑来判断变更点是否存在问题。

### 📉 分析结论：未发现影响链路

根据您提供的MCP工具分析数据，本次查询的**影响链路数量为 0**。

这意味着，在Neo4j图数据库中，根据当前的查询条件和代码依赖关系图谱，分析工具**未能识别出由当前代码变更所引发的任何直接或间接的影响路径**。因此，无法生成具体的`审查清单`。

### 🤔 “零影响链路”的可能原因分析

出现“影响链路数量为 0”的结果，通常并非代表代码变更绝对安全，而可能源于以下几种情况。请结合您的实际操作进行排查：

1.  **工作区无有效代码变更**
    *   **说明**: 分析工具通常基于`git diff`来获取变更点。如果您的Git工作区是干净的（没有修改或暂存的文件），或者变更仅限于非代码文件（如文档、注释、配置文件等），图数据库可能无法找到可分析的逻辑变更节点。
    *   **建议**: 请运行 `git status` 和 `git diff` 命令，确认是否存在需要分析的、有意义的代码逻辑变更。

2.  **变更代码是孤立的**
    *   **说明**: 变更可能发生在一个全新的、尚未被项目中其他任何部分调用的模块中，或者发生在一个不与其他代码产生依赖关系的独立脚本里。在这种情况下，它没有上游调用者或下游被影响者，因此影响链路为空。
    *   **建议**: 如果是新增模块，请重点审查其未来的集成方式和潜在的调用入口。

3.  **Neo4j图数据库数据不完整或未更新**
    *   **说明**: 代码影响分析的准确性完全依赖于图数据库中存储的代码关系图谱。如果数据库没有包含最新的代码提交，或者初始的代码索引过程不完整，那么分析工具将无法找到与最新变更相关的依赖关系。
    *   **建议**: 请确认Neo4j数据库是否已与您的代码仓库完全同步，特别是最新的提交是否已被成功索引。如有需要，请触发一次数据更新或重新索引流程。

4.  **分析工具的查询参数限制**
    *   **说明**: 执行分析时所使用的查询参数（例如，指定的时间范围、特定的文件路径或排除规则）可能过于严格，导致相关的变更被过滤掉了。
    *   **建议**: 请检查执行本次分析所用的命令或配置，确认分析范围（如分支、时间段、文件路径等）是否设置正确。

### 💡 后续步骤建议

鉴于本次自动化分析未发现影响链路，我们强烈建议您采取以下措施：

1.  **确认变更范围**: 首先，请根据上述原因分析，确认您的代码变更是否真实有效且在分析工具的扫描范围内。
2.  **检查数据源**: 验证Neo4j数据库的数据同步状态，确保其反映了代码库的最新情况。这是所有分析的基础。
3.  **进行重点人工审查**: 在自动化工具无法提供明确链路的情况下，**人工审查变得至关重要**。请重点关注以下方面：
    *   **业务逻辑正确性**: 变更是否完整并正确地实现了需求？
    *   **潜在的运行时影响**: 变更是否可能引入配置错误、性能瓶颈或未处理的边界情况？
    *   **未被追踪的依赖**: 是否存在通过配置文件、消息队列或环境变量等方式建立的隐式依赖，而这些依赖未被图数据库索引？

如果确认存在代码变更且数据源无误，但仍未发现影响链路，则需要对变更代码本身进行更细致的人工审查，以确保其质量和安全性。
=== End LLM Analysis ===

